// Jest Snapshot v1, https://jestjs.io/docs/snapshot-testing

exports[`User API queries a user with posts 1`] = `
[
  {
    "email": "testuser@gmail.com",
    "id": "1",
    "name": "Test User",
    "posts": [
      {
        "author": {
          "email": "testuser@gmail.com",
          "id": "1",
          "name": "Test User",
        },
        "authorId": 1,
        "content": "Test content 1",
        "id": "1",
        "title": "Test post 1",
      },
      {
        "author": {
          "email": "testuser@gmail.com",
          "id": "1",
          "name": "Test User",
        },
        "authorId": 1,
        "content": "Test content 2",
        "id": "2",
        "title": "Test post 2",
      },
    ],
  },
]
`;

exports[`User API queries users with posts 1`] = `
[
  {
    "email": "testuser@gmail.com",
    "id": "1",
    "name": "Test User",
    "posts": [
      {
        "author": {
          "email": "testuser@gmail.com",
          "id": "1",
          "name": "Test User",
        },
        "authorId": 1,
        "content": "Test content 1",
        "id": "1",
        "title": "Test post 1",
      },
      {
        "author": {
          "email": "testuser@gmail.com",
          "id": "1",
          "name": "Test User",
        },
        "authorId": 1,
        "content": "Test content 2",
        "id": "2",
        "title": "Test post 2",
      },
    ],
  },
]
`;
